// Jest Snapshot v1, https://goo.gl/fbAQLP

exports[`Product Model Product create correctly 1`] = `
Object {
  "_id": "5a14553b1ca61b26cad1b448",
  "colors": Array [
    "red",
    "blue",
  ],
  "createAt": 2017-08-09T08:00:00.000Z,
  "description": "Zara clothes",
  "hashtags": Array [
    "uniqlo",
    "HandM",
    "AIIZ",
    "GAP",
    "Crocs",
    "anello",
    "kanken",
  ],
  "name": "Zara",
  "original_price": 1000,
  "owner": "5a14551e5c792d26989a2bb6",
  "pictures": Array [
    "https://th-live-02.slatic.net/p/7/hequ-1483111676-1231065-c566b543a82cfe5a0e279dbf161bd13e-catalog_233.jpg",
  ],
  "price": 800,
  "promotion_end": 2017-08-09T08:00:00.000Z,
  "promotion_start": 2017-08-09T08:00:00.000Z,
  "sizes": Array [
    "S",
    "M",
    "L",
    "XL",
    "XXL",
  ],
  "type": "BuyNowProduct",
  "updateAt": 2017-08-09T08:00:00.000Z,
}
`;
